Copyright 1986-2016 Xilinx, Inc. All Rights Reserved.
-------------------------------------------------------------------------------------------------------------------------------------
| Tool Version : Vivado v.2016.3_sdx (win64) Build 1721784 Tue Nov 29 22:12:44 MST 2016
| Date         : Tue May 16 06:14:12 2017
| Host         : SakinderLaptop1 running 64-bit major release  (build 9200)
| Command      : report_utilization -file xcl_design_ddrmem_0_0_utilization_synth.rpt -pb xcl_design_ddrmem_0_0_utilization_synth.pb
| Design       : xcl_design_ddrmem_0_0
| Device       : xcku115flvb2104-2
| Design State : Synthesized
-------------------------------------------------------------------------------------------------------------------------------------

Utilization Design Information

Table of Contents
-----------------
1. CLB Logic
1.1 Summary of Registers by Type
2. BLOCKRAM
3. ARITHMETIC
4. I/O
5. CLOCK
6. ADVANCED
7. CONFIGURATION
8. Primitives
9. Black Boxes
10. Instantiated Netlists
11. SLR Connectivity and Clocking Utilization
12. SLR Connectivity Matrix
13. SLR CLB Logic and Dedicated Block Utilization
14. SLR IO Utilization

1. CLB Logic
------------

+----------------------------+-------+-------+-----------+-------+
|          Site Type         |  Used | Fixed | Available | Util% |
+----------------------------+-------+-------+-----------+-------+
| CLB LUTs*                  | 19944 |     0 |    663360 |  3.01 |
|   LUT as Logic             | 18181 |     0 |    663360 |  2.74 |
|   LUT as Memory            |  1763 |     0 |    293760 |  0.60 |
|     LUT as Distributed RAM |  1164 |     0 |           |       |
|     LUT as Shift Register  |   599 |     0 |           |       |
| CLB Registers              | 21830 |     0 |   1326720 |  1.65 |
|   Register as Flip Flop    | 21829 |     0 |   1326720 |  1.65 |
|   Register as Latch        |     0 |     0 |   1326720 |  0.00 |
|   Register as AND/OR       |     1 |     0 |   1326720 | <0.01 |
| CARRY8                     |    57 |     0 |     82920 |  0.07 |
| F7 Muxes                   |   493 |     0 |    331680 |  0.15 |
| F8 Muxes                   |    27 |     0 |    165840 |  0.02 |
| F9 Muxes                   |     0 |     0 |     82920 |  0.00 |
+----------------------------+-------+-------+-----------+-------+
* Warning! The Final LUT count, after physical optimizations and full implementation, is typically lower. Run opt_design after synthesis, if not already completed, for a more realistic count.


1.1 Summary of Registers by Type
--------------------------------

+-------+--------------+-------------+--------------+
| Total | Clock Enable | Synchronous | Asynchronous |
+-------+--------------+-------------+--------------+
| 1     |            _ |           - |            - |
| 0     |            _ |           - |          Set |
| 0     |            _ |           - |        Reset |
| 0     |            _ |         Set |            - |
| 0     |            _ |       Reset |            - |
| 0     |          Yes |           - |            - |
| 2     |          Yes |           - |          Set |
| 0     |          Yes |           - |        Reset |
| 425   |          Yes |         Set |            - |
| 21402 |          Yes |       Reset |            - |
+-------+--------------+-------------+--------------+


2. BLOCKRAM
-----------

+-------------------+------+-------+-----------+-------+
|     Site Type     | Used | Fixed | Available | Util% |
+-------------------+------+-------+-----------+-------+
| Block RAM Tile    | 25.5 |     0 |      2160 |  1.18 |
|   RAMB36/FIFO*    |   25 |     0 |      2160 |  1.16 |
|     RAMB36E2 only |   25 |       |           |       |
|   RAMB18          |    1 |     0 |      4320 |  0.02 |
|     RAMB18E2 only |    1 |       |           |       |
+-------------------+------+-------+-----------+-------+
* Note: Each Block RAM Tile only has one FIFO logic available and therefore can accommodate only one FIFO36E2 or one FIFO18E2. However, if a FIFO18E2 occupies a Block RAM Tile, that tile can still accommodate a RAMB18E2


3. ARITHMETIC
-------------

+----------------+------+-------+-----------+-------+
|    Site Type   | Used | Fixed | Available | Util% |
+----------------+------+-------+-----------+-------+
| DSPs           |    3 |     0 |      5520 |  0.05 |
|   DSP48E2 only |    3 |       |           |       |
+----------------+------+-------+-----------+-------+


4. I/O
------

+------------+------+-------+-----------+-------+
|  Site Type | Used | Fixed | Available | Util% |
+------------+------+-------+-----------+-------+
| Bonded IOB |  128 |     0 |       702 | 18.23 |
+------------+------+-------+-----------+-------+


5. CLOCK
--------

+----------------------+------+-------+-----------+-------+
|       Site Type      | Used | Fixed | Available | Util% |
+----------------------+------+-------+-----------+-------+
| GLOBAL CLOCK BUFFERs |    9 |     0 |      1248 |  0.72 |
|   BUFGCE             |    9 |     0 |       576 |  1.56 |
|   BUFGCE_DIV         |    0 |     0 |        96 |  0.00 |
|   BUFG_GT            |    0 |     0 |       384 |  0.00 |
|   BUFGCTRL*          |    0 |     0 |       192 |  0.00 |
| PLLE3_ADV            |    3 |     0 |        48 |  6.25 |
| MMCME3_ADV           |    1 |     0 |        24 |  4.17 |
+----------------------+------+-------+-----------+-------+
* Note: Each used BUFGCTRL counts as two global buffer resources. This table does not include global clocking resources, only buffer cell usage. See the Clock Utilization Report (report_clock_utilization) for detailed accounting of global clocking resource availability.


6. ADVANCED
-----------

+------------------+------+-------+-----------+-------+
|     Site Type    | Used | Fixed | Available | Util% |
+------------------+------+-------+-----------+-------+
| GTHE3_CHANNEL    |    0 |     0 |        64 |  0.00 |
| GTHE3_COMMON     |    0 |     0 |        16 |  0.00 |
| IBUFDS_GTE3      |    0 |     0 |        32 |  0.00 |
| OBUFDS_GTE3      |    0 |     0 |        32 |  0.00 |
| OBUFDS_GTE3_ADV  |    0 |     0 |        32 |  0.00 |
| PCIE_3_1         |    0 |     0 |         6 |  0.00 |
| SYSMONE1         |    0 |     0 |         2 |  0.00 |
| LAGUNA Registers |    0 |     0 |     34560 |  0.00 |
|   as TX_REG      |    0 |       |           |       |
|   as RX_REG      |    0 |       |           |       |
+------------------+------+-------+-----------+-------+


7. CONFIGURATION
----------------

+-------------+------+-------+-----------+-------+
|  Site Type  | Used | Fixed | Available | Util% |
+-------------+------+-------+-----------+-------+
| BSCANE2     |    0 |     0 |         8 |  0.00 |
| DNA_PORTE2  |    0 |     0 |         2 |  0.00 |
| EFUSE_USR   |    0 |     0 |         2 |  0.00 |
| FRAME_ECCE3 |    0 |     0 |         2 |  0.00 |
| ICAPE3      |    0 |     0 |         4 |  0.00 |
| STARTUPE3   |    0 |     0 |         2 |  0.00 |
+-------------+------+-------+-----------+-------+


8. Primitives
-------------

+------------------+-------+---------------------+
|     Ref Name     |  Used | Functional Category |
+------------------+-------+---------------------+
| FDRE             | 21402 |            Register |
| LUT6             |  7310 |                 CLB |
| LUT3             |  6702 |                 CLB |
| LUT4             |  3610 |                 CLB |
| LUT5             |  3340 |                 CLB |
| RAMD32           |  1746 |                 CLB |
| LUT2             |  1563 |                 CLB |
| RAMS32           |   582 |                 CLB |
| SRLC32E          |   517 |                 CLB |
| MUXF7            |   493 |                 CLB |
| FDSE             |   425 |            Register |
| LUT1             |   414 |                 CLB |
| RXTX_BITSLICE    |   115 |                 I/O |
| IBUFCTRL         |    91 |              Others |
| SRL16E           |    82 |                 CLB |
| OBUFT_DCIEN      |    81 |                 I/O |
| INBUF            |    81 |                 I/O |
| CARRY8           |    57 |                 CLB |
| OBUF             |    27 |                 I/O |
| MUXF8            |    27 |                 CLB |
| RAMB36E2         |    25 |           Block Ram |
| TX_BITSLICE_TRI  |    22 |                 I/O |
| BITSLICE_CONTROL |    22 |                 I/O |
| OBUFT            |    18 |                 I/O |
| RIU_OR           |    11 |                 I/O |
| INV              |    10 |                 CLB |
| DIFFINBUF        |    10 |                 I/O |
| HPIO_VREF        |     9 |                 I/O |
| BUFGCE           |     9 |               Clock |
| PLLE3_ADV        |     3 |               Clock |
| DSP48E2          |     3 |          Arithmetic |
| FDPE             |     2 |            Register |
| RAMB18E2         |     1 |           Block Ram |
| MMCME3_ADV       |     1 |               Clock |
| AND2B1L          |     1 |              Others |
+------------------+-------+---------------------+


9. Black Boxes
--------------

+----------+------+
| Ref Name | Used |
+----------+------+


10. Instantiated Netlists
-------------------------

+----------+------+
| Ref Name | Used |
+----------+------+


11. SLR Connectivity and Clocking Utilization
---------------------------------------------

+----------+-----------------+---------+-----------------+--------------+-------+-------+
|          | Total SLLs Used | (%)SLLs | BUFGs/BUFGCTRLs | BUFH/BUFHCEs | BUFRs | MMCMs |
+----------+-----------------+---------+-----------------+--------------+-------+-------+
| SLR1     |                 |         |               0 |            0 |     0 |     0 |
| ||||||-> |               0 |    0.00 |                 |              |       |       |
| SLR0     |                 |         |               0 |            0 |     0 |     0 |
+----------+-----------------+---------+-----------------+--------------+-------+-------+
| Total    |               0 |         |               0 |            0 |     0 |     0 |
+----------+-----------------+---------+-----------------+--------------+-------+-------+


12. SLR Connectivity Matrix
---------------------------

+------+------+------+
|      | SLR1 | SLR0 |
+------+------+------+
| SLR1 |    0 |    0 |
| SLR0 |    0 |    0 |
+------+------+------+


13. SLR CLB Logic and Dedicated Block Utilization
-------------------------------------------------

+-----------+------+---------+------------+-------------+---------------+-----------+-------+------+
| SLR Index | CLBs | (%)CLBs | Total LUTs | Memory LUTs | (%)Total LUTs | Registers | BRAMs | DSPs |
+-----------+------+---------+------------+-------------+---------------+-----------+-------+------+
| SLR1      |    0 |    0.00 |          0 |           0 |          0.00 |         0 |     0 |    0 |
| SLR0      |    0 |    0.00 |          0 |           0 |          0.00 |         0 |     0 |    0 |
+-----------+------+---------+------------+-------------+---------------+-----------+-------+------+
| Total     |    0 |         |          0 |           0 |               |         0 |     0 |    0 |
+-----------+------+---------+------------+-------------+---------------+-----------+-------+------+


14. SLR IO Utilization
----------------------

+-----------+-------------+---------+--------------+----------+--------------+----------+-----+
| SLR Index | Bonded IOBs | (%)IOBs | Bonded IPADs | (%)IPADs | Bonded OPADs | (%)OPADs | GTs |
+-----------+-------------+---------+--------------+----------+--------------+----------+-----+
| SLR1      |           0 |    0.00 |            0 |     0.00 |            0 |     0.00 |   0 |
| SLR0      |           0 |    0.00 |            0 |     0.00 |            0 |     0.00 |   0 |
+-----------+-------------+---------+--------------+----------+--------------+----------+-----+
| Total     |           0 |         |            0 |          |            0 |          |   0 |
+-----------+-------------+---------+--------------+----------+--------------+----------+-----+


